15:24:14 **** Incremental Build of configuration Debug for project ftps_test ****
make all 
make: Nothing to be done for `all'.
15:24:43 **** Incremental Build of configuration Debug for project ftps_test ****
make all 
make: Nothing to be done for `all'.
15:26:12 **** Auto Build of configuration Debug for project ftps_test ****
make all 
'Building file: ../src/main.c'
'Invoking: MicroBlaze gcc compiler'
mb-gcc -Wall -O0 -g3 -c -fmessage-length=0 -MT"src/main.o" -I../../ftps_test_bsp/microblaze_0/include -mlittle-endian -mcpu=v10.0 -mxl-soft-mul -Wl,--no-relax -ffunction-sections -fdata-sections -MMD -MP -MF"src/main.d" -MT"src/main.o" -o "src/main.o" "../src/main.c"
../src/main.c: In function 'main':
../src/main.c:262:17: warning: implicit declaration of function 'char_recognition' [-Wimplicit-function-declaration]
       char_rec= char_recognition(ftps_data);
                 ^~~~~~~~~~~~~~~~
'Finished building: ../src/main.c'
' '
'Building target: ftps_test.elf'
'Invoking: MicroBlaze gcc linker'
mb-gcc -Wl,-T -Wl,../src/lscript.ld -L../../ftps_test_bsp/microblaze_0/lib -mlittle-endian -mcpu=v10.0 -mxl-soft-mul -Wl,--no-relax -Wl,--gc-sections -o "ftps_test.elf"  ./src/echo.o ./src/i2c_access.o ./src/iic_phyreset.o ./src/main.o ./src/platform.o ./src/platform_mb.o ./src/platform_ppc.o ./src/platform_zynq.o ./src/platform_zynqmp.o ./src/sfp.o ./src/si5324.o   -Wl,--start-group,-lxil,-lgcc,-lc,--end-group -Wl,--start-group,-lxil,-llwip4,-lgcc,-lc,--end-group
./src/main.o: In function `main':
C:\ece532_project\ece532_project.sdk\ftps_test\Debug/../src/main.c:262: undefined reference to `char_recognition'
collect2.exe: error: ld returned 1 exit status
make: *** [ftps_test.elf] Error 1
15:26:26 **** Auto Build of configuration Debug for project ftps_test ****
make all 
'Building file: ../src/echo.c'
'Invoking: MicroBlaze gcc compiler'
mb-gcc -Wall -O0 -g3 -c -fmessage-length=0 -MT"src/echo.o" -I../../ftps_test_bsp/microblaze_0/include -mlittle-endian -mcpu=v10.0 -mxl-soft-mul -Wl,--no-relax -ffunction-sections -fdata-sections -MMD -MP -MF"src/echo.d" -MT"src/echo.o" -o "src/echo.o" "../src/echo.c"
'Finished building: ../src/echo.c'
' '
'Building target: ftps_test.elf'
'Invoking: MicroBlaze gcc linker'
mb-gcc -Wl,-T -Wl,../src/lscript.ld -L../../ftps_test_bsp/microblaze_0/lib -mlittle-endian -mcpu=v10.0 -mxl-soft-mul -Wl,--no-relax -Wl,--gc-sections -o "ftps_test.elf"  ./src/echo.o ./src/i2c_access.o ./src/iic_phyreset.o ./src/main.o ./src/platform.o ./src/platform_mb.o ./src/platform_ppc.o ./src/platform_zynq.o ./src/platform_zynqmp.o ./src/sfp.o ./src/si5324.o   -Wl,--start-group,-lxil,-lgcc,-lc,--end-group -Wl,--start-group,-lxil,-llwip4,-lgcc,-lc,--end-group
'Finished building target: ftps_test.elf'
' '
'Invoking: MicroBlaze Print Size'
mb-size ftps_test.elf  |tee "ftps_test.elf.size"
   text	   data	    bss	    dec	    hex	filename
 144712	   5636	 750668	 901016	  dbf98	ftps_test.elf
'Finished building: ftps_test.elf.size'
' '
15:26:29 **** Incremental Build of configuration Debug for project ftps_test ****
make all 
make: Nothing to be done for `all'.
15:26:32 **** Incremental Build of configuration Debug for project ftps_test ****
make all 
make: Nothing to be done for `all'.
15:27:35 **** Auto Build of configuration Debug for project ftps_test ****
make all 
'Building file: ../src/main.c'
'Invoking: MicroBlaze gcc compiler'
mb-gcc -Wall -O0 -g3 -c -fmessage-length=0 -MT"src/main.o" -I../../ftps_test_bsp/microblaze_0/include -mlittle-endian -mcpu=v10.0 -mxl-soft-mul -Wl,--no-relax -ffunction-sections -fdata-sections -MMD -MP -MF"src/main.d" -MT"src/main.o" -o "src/main.o" "../src/main.c"
../src/main.c: In function 'main':
../src/main.c:262:17: warning: implicit declaration of function 'char_recognition' [-Wimplicit-function-declaration]
       char_rec= char_recognition(ftps_data);
                 ^~~~~~~~~~~~~~~~
'Finished building: ../src/main.c'
' '
'Building target: ftps_test.elf'
'Invoking: MicroBlaze gcc linker'
mb-gcc -Wl,-T -Wl,../src/lscript.ld -L../../ftps_test_bsp/microblaze_0/lib -mlittle-endian -mcpu=v10.0 -mxl-soft-mul -Wl,--no-relax -Wl,--gc-sections -o "ftps_test.elf"  ./src/echo.o ./src/i2c_access.o ./src/iic_phyreset.o ./src/main.o ./src/platform.o ./src/platform_mb.o ./src/platform_ppc.o ./src/platform_zynq.o ./src/platform_zynqmp.o ./src/sfp.o ./src/si5324.o   -Wl,--start-group,-lxil,-lgcc,-lc,--end-group -Wl,--start-group,-lxil,-llwip4,-lgcc,-lc,--end-group
'Finished building target: ftps_test.elf'
' '
'Invoking: MicroBlaze Print Size'
mb-size ftps_test.elf  |tee "ftps_test.elf.size"
   text	   data	    bss	    dec	    hex	filename
 144712	   5636	 750668	 901016	  dbf98	ftps_test.elf
'Finished building: ftps_test.elf.size'
' '
15:27:50 **** Auto Build of configuration Debug for project ftps_test ****
make all 
'Building file: ../src/main.c'
'Invoking: MicroBlaze gcc compiler'
mb-gcc -Wall -O0 -g3 -c -fmessage-length=0 -MT"src/main.o" -I../../ftps_test_bsp/microblaze_0/include -mlittle-endian -mcpu=v10.0 -mxl-soft-mul -Wl,--no-relax -ffunction-sections -fdata-sections -MMD -MP -MF"src/main.d" -MT"src/main.o" -o "src/main.o" "../src/main.c"
../src/main.c: In function 'main':
../src/main.c:262:17: warning: implicit declaration of function 'char_recognition' [-Wimplicit-function-declaration]
       char_rec= char_recognition(ftps_data);
                 ^~~~~~~~~~~~~~~~
'Finished building: ../src/main.c'
' '
'Building target: ftps_test.elf'
'Invoking: MicroBlaze gcc linker'
mb-gcc -Wl,-T -Wl,../src/lscript.ld -L../../ftps_test_bsp/microblaze_0/lib -mlittle-endian -mcpu=v10.0 -mxl-soft-mul -Wl,--no-relax -Wl,--gc-sections -o "ftps_test.elf"  ./src/echo.o ./src/i2c_access.o ./src/iic_phyreset.o ./src/main.o ./src/platform.o ./src/platform_mb.o ./src/platform_ppc.o ./src/platform_zynq.o ./src/platform_zynqmp.o ./src/sfp.o ./src/si5324.o   -Wl,--start-group,-lxil,-lgcc,-lc,--end-group -Wl,--start-group,-lxil,-llwip4,-lgcc,-lc,--end-group
'Finished building target: ftps_test.elf'
' '
'Invoking: MicroBlaze Print Size'
mb-size ftps_test.elf  |tee "ftps_test.elf.size"
   text	   data	    bss	    dec	    hex	filename
 144716	   5636	 750672	 901024	  dbfa0	ftps_test.elf
'Finished building: ftps_test.elf.size'
' '
15:31:06 **** Auto Build of configuration Debug for project ftps_test ****
make all 
'Building file: ../src/main.c'
'Invoking: MicroBlaze gcc compiler'
mb-gcc -Wall -O0 -g3 -c -fmessage-length=0 -MT"src/main.o" -I../../ftps_test_bsp/microblaze_0/include -mlittle-endian -mcpu=v10.0 -mxl-soft-mul -Wl,--no-relax -ffunction-sections -fdata-sections -MMD -MP -MF"src/main.d" -MT"src/main.o" -o "src/main.o" "../src/main.c"
../src/main.c: In function 'main':
../src/main.c:264:17: warning: implicit declaration of function 'char_recognition' [-Wimplicit-function-declaration]
       char_rec= char_recognition(ftps_data);
                 ^~~~~~~~~~~~~~~~
'Finished building: ../src/main.c'
' '
'Building target: ftps_test.elf'
'Invoking: MicroBlaze gcc linker'
mb-gcc -Wl,-T -Wl,../src/lscript.ld -L../../ftps_test_bsp/microblaze_0/lib -mlittle-endian -mcpu=v10.0 -mxl-soft-mul -Wl,--no-relax -Wl,--gc-sections -o "ftps_test.elf"  ./src/echo.o ./src/i2c_access.o ./src/iic_phyreset.o ./src/main.o ./src/platform.o ./src/platform_mb.o ./src/platform_ppc.o ./src/platform_zynq.o ./src/platform_zynqmp.o ./src/sfp.o ./src/si5324.o   -Wl,--start-group,-lxil,-lgcc,-lc,--end-group -Wl,--start-group,-lxil,-llwip4,-lgcc,-lc,--end-group
'Finished building target: ftps_test.elf'
' '
'Invoking: MicroBlaze Print Size'
mb-size ftps_test.elf  |tee "ftps_test.elf.size"
   text	   data	    bss	    dec	    hex	filename
 198652	   5764	 750672	 955088	  e92d0	ftps_test.elf
'Finished building: ftps_test.elf.size'
' '
15:37:19 **** Auto Build of configuration Debug for project ftps_test ****
make all 
'Building file: ../src/main.c'
'Invoking: MicroBlaze gcc compiler'
mb-gcc -Wall -O0 -g3 -c -fmessage-length=0 -MT"src/main.o" -I../../ftps_test_bsp/microblaze_0/include -mlittle-endian -mcpu=v10.0 -mxl-soft-mul -Wl,--no-relax -ffunction-sections -fdata-sections -MMD -MP -MF"src/main.d" -MT"src/main.o" -o "src/main.o" "../src/main.c"
../src/main.c: In function 'main':
../src/main.c:290:17: warning: implicit declaration of function 'char_recognition' [-Wimplicit-function-declaration]
       char_rec= char_recognition(ftps_data);
                 ^~~~~~~~~~~~~~~~
'Finished building: ../src/main.c'
' '
'Building target: ftps_test.elf'
'Invoking: MicroBlaze gcc linker'
mb-gcc -Wl,-T -Wl,../src/lscript.ld -L../../ftps_test_bsp/microblaze_0/lib -mlittle-endian -mcpu=v10.0 -mxl-soft-mul -Wl,--no-relax -Wl,--gc-sections -o "ftps_test.elf"  ./src/echo.o ./src/i2c_access.o ./src/iic_phyreset.o ./src/main.o ./src/platform.o ./src/platform_mb.o ./src/platform_ppc.o ./src/platform_zynq.o ./src/platform_zynqmp.o ./src/sfp.o ./src/si5324.o   -Wl,--start-group,-lxil,-lgcc,-lc,--end-group -Wl,--start-group,-lxil,-llwip4,-lgcc,-lc,--end-group
'Finished building target: ftps_test.elf'
' '
'Invoking: MicroBlaze Print Size'
mb-size ftps_test.elf  |tee "ftps_test.elf.size"
   text	   data	    bss	    dec	    hex	filename
 199592	   5764	 750668	 956024	  e9678	ftps_test.elf
'Finished building: ftps_test.elf.size'
' '
15:37:24 **** Auto Build of configuration Debug for project ftps_test ****
make all 
'Building file: ../src/main.c'
'Invoking: MicroBlaze gcc compiler'
mb-gcc -Wall -O0 -g3 -c -fmessage-length=0 -MT"src/main.o" -I../../ftps_test_bsp/microblaze_0/include -mlittle-endian -mcpu=v10.0 -mxl-soft-mul -Wl,--no-relax -ffunction-sections -fdata-sections -MMD -MP -MF"src/main.d" -MT"src/main.o" -o "src/main.o" "../src/main.c"
../src/main.c: In function 'main':
../src/main.c:289:17: warning: implicit declaration of function 'char_recognition' [-Wimplicit-function-declaration]
       char_rec= char_recognition(ftps_data);
                 ^~~~~~~~~~~~~~~~
'Finished building: ../src/main.c'
' '
'Building target: ftps_test.elf'
'Invoking: MicroBlaze gcc linker'
mb-gcc -Wl,-T -Wl,../src/lscript.ld -L../../ftps_test_bsp/microblaze_0/lib -mlittle-endian -mcpu=v10.0 -mxl-soft-mul -Wl,--no-relax -Wl,--gc-sections -o "ftps_test.elf"  ./src/echo.o ./src/i2c_access.o ./src/iic_phyreset.o ./src/main.o ./src/platform.o ./src/platform_mb.o ./src/platform_ppc.o ./src/platform_zynq.o ./src/platform_zynqmp.o ./src/sfp.o ./src/si5324.o   -Wl,--start-group,-lxil,-lgcc,-lc,--end-group -Wl,--start-group,-lxil,-llwip4,-lgcc,-lc,--end-group
'Finished building target: ftps_test.elf'
' '
'Invoking: MicroBlaze Print Size'
mb-size ftps_test.elf  |tee "ftps_test.elf.size"
   text	   data	    bss	    dec	    hex	filename
 199592	   5764	 750668	 956024	  e9678	ftps_test.elf
'Finished building: ftps_test.elf.size'
' '
16:08:10 **** Incremental Build of configuration Debug for project ftps_test ****
make all 
make: Nothing to be done for `all'.
16:25:14 **** Auto Build of configuration Debug for project ftps_test ****
make all 
'Building file: ../src/echo.c'
'Invoking: MicroBlaze gcc compiler'
mb-gcc -Wall -O0 -g3 -c -fmessage-length=0 -MT"src/echo.o" -I../../ftps_test_bsp/microblaze_0/include -mlittle-endian -mcpu=v10.0 -mxl-soft-mul -Wl,--no-relax -ffunction-sections -fdata-sections -MMD -MP -MF"src/echo.d" -MT"src/echo.o" -o "src/echo.o" "../src/echo.c"
'Finished building: ../src/echo.c'
' '
'Building target: ftps_test.elf'
'Invoking: MicroBlaze gcc linker'
mb-gcc -Wl,-T -Wl,../src/lscript.ld -L../../ftps_test_bsp/microblaze_0/lib -mlittle-endian -mcpu=v10.0 -mxl-soft-mul -Wl,--no-relax -Wl,--gc-sections -o "ftps_test.elf"  ./src/echo.o ./src/i2c_access.o ./src/iic_phyreset.o ./src/main.o ./src/platform.o ./src/platform_mb.o ./src/platform_ppc.o ./src/platform_zynq.o ./src/platform_zynqmp.o ./src/sfp.o ./src/si5324.o   -Wl,--start-group,-lxil,-lgcc,-lc,--end-group -Wl,--start-group,-lxil,-llwip4,-lgcc,-lc,--end-group
'Finished building target: ftps_test.elf'
' '
'Invoking: MicroBlaze Print Size'
mb-size ftps_test.elf  |tee "ftps_test.elf.size"
   text	   data	    bss	    dec	    hex	filename
 199592	   5764	 750668	 956024	  e9678	ftps_test.elf
'Finished building: ftps_test.elf.size'
' '
16:25:22 **** Auto Build of configuration Debug for project ftps_test ****
make all 
'Building file: ../src/echo.c'
'Invoking: MicroBlaze gcc compiler'
mb-gcc -Wall -O0 -g3 -c -fmessage-length=0 -MT"src/echo.o" -I../../ftps_test_bsp/microblaze_0/include -mlittle-endian -mcpu=v10.0 -mxl-soft-mul -Wl,--no-relax -ffunction-sections -fdata-sections -MMD -MP -MF"src/echo.d" -MT"src/echo.o" -o "src/echo.o" "../src/echo.c"
'Finished building: ../src/echo.c'
' '
'Building target: ftps_test.elf'
'Invoking: MicroBlaze gcc linker'
mb-gcc -Wl,-T -Wl,../src/lscript.ld -L../../ftps_test_bsp/microblaze_0/lib -mlittle-endian -mcpu=v10.0 -mxl-soft-mul -Wl,--no-relax -Wl,--gc-sections -o "ftps_test.elf"  ./src/echo.o ./src/i2c_access.o ./src/iic_phyreset.o ./src/main.o ./src/platform.o ./src/platform_mb.o ./src/platform_ppc.o ./src/platform_zynq.o ./src/platform_zynqmp.o ./src/sfp.o ./src/si5324.o   -Wl,--start-group,-lxil,-lgcc,-lc,--end-group -Wl,--start-group,-lxil,-llwip4,-lgcc,-lc,--end-group
'Finished building target: ftps_test.elf'
' '
'Invoking: MicroBlaze Print Size'
mb-size ftps_test.elf  |tee "ftps_test.elf.size"
   text	   data	    bss	    dec	    hex	filename
 199592	   5348	 750668	 955608	  e94d8	ftps_test.elf
'Finished building: ftps_test.elf.size'
' '
16:26:39 **** Auto Build of configuration Debug for project ftps_test ****
make all 
'Building file: ../src/echo.c'
'Invoking: MicroBlaze gcc compiler'
mb-gcc -Wall -O0 -g3 -c -fmessage-length=0 -MT"src/echo.o" -I../../ftps_test_bsp/microblaze_0/include -mlittle-endian -mcpu=v10.0 -mxl-soft-mul -Wl,--no-relax -ffunction-sections -fdata-sections -MMD -MP -MF"src/echo.d" -MT"src/echo.o" -o "src/echo.o" "../src/echo.c"
'Finished building: ../src/echo.c'
' '
'Building target: ftps_test.elf'
'Invoking: MicroBlaze gcc linker'
mb-gcc -Wl,-T -Wl,../src/lscript.ld -L../../ftps_test_bsp/microblaze_0/lib -mlittle-endian -mcpu=v10.0 -mxl-soft-mul -Wl,--no-relax -Wl,--gc-sections -o "ftps_test.elf"  ./src/echo.o ./src/i2c_access.o ./src/iic_phyreset.o ./src/main.o ./src/platform.o ./src/platform_mb.o ./src/platform_ppc.o ./src/platform_zynq.o ./src/platform_zynqmp.o ./src/sfp.o ./src/si5324.o   -Wl,--start-group,-lxil,-lgcc,-lc,--end-group -Wl,--start-group,-lxil,-llwip4,-lgcc,-lc,--end-group
'Finished building target: ftps_test.elf'
' '
'Invoking: MicroBlaze Print Size'
mb-size ftps_test.elf  |tee "ftps_test.elf.size"
   text	   data	    bss	    dec	    hex	filename
 199592	   5348	 750668	 955608	  e94d8	ftps_test.elf
'Finished building: ftps_test.elf.size'
' '
16:27:34 **** Auto Build of configuration Debug for project ftps_test ****
make all 
'Building file: ../src/main.c'
'Invoking: MicroBlaze gcc compiler'
mb-gcc -Wall -O0 -g3 -c -fmessage-length=0 -MT"src/main.o" -I../../ftps_test_bsp/microblaze_0/include -mlittle-endian -mcpu=v10.0 -mxl-soft-mul -Wl,--no-relax -ffunction-sections -fdata-sections -MMD -MP -MF"src/main.d" -MT"src/main.o" -o "src/main.o" "../src/main.c"
../src/main.c: In function 'main':
../src/main.c:289:17: warning: implicit declaration of function 'char_recognition' [-Wimplicit-function-declaration]
       char_rec= char_recognition(ftps_data);
                 ^~~~~~~~~~~~~~~~
'Finished building: ../src/main.c'
' '
'Building target: ftps_test.elf'
'Invoking: MicroBlaze gcc linker'
mb-gcc -Wl,-T -Wl,../src/lscript.ld -L../../ftps_test_bsp/microblaze_0/lib -mlittle-endian -mcpu=v10.0 -mxl-soft-mul -Wl,--no-relax -Wl,--gc-sections -o "ftps_test.elf"  ./src/echo.o ./src/i2c_access.o ./src/iic_phyreset.o ./src/main.o ./src/platform.o ./src/platform_mb.o ./src/platform_ppc.o ./src/platform_zynq.o ./src/platform_zynqmp.o ./src/sfp.o ./src/si5324.o   -Wl,--start-group,-lxil,-lgcc,-lc,--end-group -Wl,--start-group,-lxil,-llwip4,-lgcc,-lc,--end-group
'Finished building target: ftps_test.elf'
' '
'Invoking: MicroBlaze Print Size'
mb-size ftps_test.elf  |tee "ftps_test.elf.size"
   text	   data	    bss	    dec	    hex	filename
 199592	   5348	 750668	 955608	  e94d8	ftps_test.elf
'Finished building: ftps_test.elf.size'
' '
16:27:40 **** Incremental Build of configuration Debug for project ftps_test ****
make all 
make: Nothing to be done for `all'.
16:29:19 **** Auto Build of configuration Debug for project ftps_test ****
make all 
'Building file: ../src/main.c'
'Invoking: MicroBlaze gcc compiler'
mb-gcc -Wall -O0 -g3 -c -fmessage-length=0 -MT"src/main.o" -I../../ftps_test_bsp/microblaze_0/include -mlittle-endian -mcpu=v10.0 -mxl-soft-mul -Wl,--no-relax -ffunction-sections -fdata-sections -MMD -MP -MF"src/main.d" -MT"src/main.o" -o "src/main.o" "../src/main.c"
../src/main.c: In function 'main':
../src/main.c:291:17: warning: implicit declaration of function 'char_recognition' [-Wimplicit-function-declaration]
       char_rec= char_recognition(test_data);
                 ^~~~~~~~~~~~~~~~
'Finished building: ../src/main.c'
' '
'Building target: ftps_test.elf'
'Invoking: MicroBlaze gcc linker'
mb-gcc -Wl,-T -Wl,../src/lscript.ld -L../../ftps_test_bsp/microblaze_0/lib -mlittle-endian -mcpu=v10.0 -mxl-soft-mul -Wl,--no-relax -Wl,--gc-sections -o "ftps_test.elf"  ./src/echo.o ./src/i2c_access.o ./src/iic_phyreset.o ./src/main.o ./src/platform.o ./src/platform_mb.o ./src/platform_ppc.o ./src/platform_zynq.o ./src/platform_zynqmp.o ./src/sfp.o ./src/si5324.o   -Wl,--start-group,-lxil,-lgcc,-lc,--end-group -Wl,--start-group,-lxil,-llwip4,-lgcc,-lc,--end-group
'Finished building target: ftps_test.elf'
' '
'Invoking: MicroBlaze Print Size'
mb-size ftps_test.elf  |tee "ftps_test.elf.size"
   text	   data	    bss	    dec	    hex	filename
 199776	   5348	 750668	 955792	  e9590	ftps_test.elf
'Finished building: ftps_test.elf.size'
' '
16:29:22 **** Incremental Build of configuration Debug for project ftps_test ****
make all 
make: Nothing to be done for `all'.
16:29:25 **** Incremental Build of configuration Debug for project ftps_test ****
make all 
make: Nothing to be done for `all'.
16:36:59 **** Auto Build of configuration Debug for project ftps_test ****
make all 
'Building file: ../src/main.c'
'Invoking: MicroBlaze gcc compiler'
mb-gcc -Wall -O0 -g3 -c -fmessage-length=0 -MT"src/main.o" -I../../ftps_test_bsp/microblaze_0/include -mlittle-endian -mcpu=v10.0 -mxl-soft-mul -Wl,--no-relax -ffunction-sections -fdata-sections -MMD -MP -MF"src/main.d" -MT"src/main.o" -o "src/main.o" "../src/main.c"
../src/main.c: In function 'main':
../src/main.c:290:17: warning: implicit declaration of function 'char_recognition' [-Wimplicit-function-declaration]
       char_rec= char_recognition(test_data);
                 ^~~~~~~~~~~~~~~~
'Finished building: ../src/main.c'
' '
'Building target: ftps_test.elf'
'Invoking: MicroBlaze gcc linker'
mb-gcc -Wl,-T -Wl,../src/lscript.ld -L../../ftps_test_bsp/microblaze_0/lib -mlittle-endian -mcpu=v10.0 -mxl-soft-mul -Wl,--no-relax -Wl,--gc-sections -o "ftps_test.elf"  ./src/echo.o ./src/i2c_access.o ./src/iic_phyreset.o ./src/main.o ./src/platform.o ./src/platform_mb.o ./src/platform_ppc.o ./src/platform_zynq.o ./src/platform_zynqmp.o ./src/sfp.o ./src/si5324.o   -Wl,--start-group,-lxil,-lgcc,-lc,--end-group -Wl,--start-group,-lxil,-llwip4,-lgcc,-lc,--end-group
'Finished building target: ftps_test.elf'
' '
'Invoking: MicroBlaze Print Size'
mb-size ftps_test.elf  |tee "ftps_test.elf.size"
   text	   data	    bss	    dec	    hex	filename
 199776	   5348	 750668	 955792	  e9590	ftps_test.elf
'Finished building: ftps_test.elf.size'
' '
16:37:10 **** Incremental Build of configuration Debug for project ftps_test ****
make all 
make: Nothing to be done for `all'.
17:01:34 **** Auto Build of configuration Debug for project ftps_test ****
make all 
'Building file: ../src/echo.c'
'Invoking: MicroBlaze gcc compiler'
mb-gcc -Wall -O0 -g3 -c -fmessage-length=0 -MT"src/echo.o" -I../../ftps_test_bsp/microblaze_0/include -mlittle-endian -mcpu=v10.0 -mxl-soft-mul -Wl,--no-relax -ffunction-sections -fdata-sections -MMD -MP -MF"src/echo.d" -MT"src/echo.o" -o "src/echo.o" "../src/echo.c"
../src/echo.c:44:1: error: expected ',' or ';' before 'int'
 int transfer_data() {
 ^~~
make: *** [src/echo.o] Error 1
17:01:46 **** Auto Build of configuration Debug for project ftps_test ****
make all 
'Building file: ../src/echo.c'
'Invoking: MicroBlaze gcc compiler'
mb-gcc -Wall -O0 -g3 -c -fmessage-length=0 -MT"src/echo.o" -I../../ftps_test_bsp/microblaze_0/include -mlittle-endian -mcpu=v10.0 -mxl-soft-mul -Wl,--no-relax -ffunction-sections -fdata-sections -MMD -MP -MF"src/echo.d" -MT"src/echo.o" -o "src/echo.o" "../src/echo.c"
'Finished building: ../src/echo.c'
' '
'Building target: ftps_test.elf'
'Invoking: MicroBlaze gcc linker'
mb-gcc -Wl,-T -Wl,../src/lscript.ld -L../../ftps_test_bsp/microblaze_0/lib -mlittle-endian -mcpu=v10.0 -mxl-soft-mul -Wl,--no-relax -Wl,--gc-sections -o "ftps_test.elf"  ./src/echo.o ./src/i2c_access.o ./src/iic_phyreset.o ./src/main.o ./src/platform.o ./src/platform_mb.o ./src/platform_ppc.o ./src/platform_zynq.o ./src/platform_zynqmp.o ./src/sfp.o ./src/si5324.o   -Wl,--start-group,-lxil,-lgcc,-lc,--end-group -Wl,--start-group,-lxil,-llwip4,-lgcc,-lc,--end-group
'Finished building target: ftps_test.elf'
' '
'Invoking: MicroBlaze Print Size'
mb-size ftps_test.elf  |tee "ftps_test.elf.size"
   text	   data	    bss	    dec	    hex	filename
 199776	   5348	 750668	 955792	  e9590	ftps_test.elf
'Finished building: ftps_test.elf.size'
' '
17:01:49 **** Incremental Build of configuration Debug for project ftps_test ****
make all 
make: Nothing to be done for `all'.
17:02:50 **** Auto Build of configuration Debug for project ftps_test ****
make all 
'Building file: ../src/main.c'
'Invoking: MicroBlaze gcc compiler'
mb-gcc -Wall -O0 -g3 -c -fmessage-length=0 -MT"src/main.o" -I../../ftps_test_bsp/microblaze_0/include -mlittle-endian -mcpu=v10.0 -mxl-soft-mul -Wl,--no-relax -ffunction-sections -fdata-sections -MMD -MP -MF"src/main.d" -MT"src/main.o" -o "src/main.o" "../src/main.c"
../src/main.c: In function 'main':
../src/main.c:290:17: warning: implicit declaration of function 'char_recognition' [-Wimplicit-function-declaration]
       char_rec= char_recognition(test_data);
                 ^~~~~~~~~~~~~~~~
'Finished building: ../src/main.c'
' '
'Building target: ftps_test.elf'
'Invoking: MicroBlaze gcc linker'
mb-gcc -Wl,-T -Wl,../src/lscript.ld -L../../ftps_test_bsp/microblaze_0/lib -mlittle-endian -mcpu=v10.0 -mxl-soft-mul -Wl,--no-relax -Wl,--gc-sections -o "ftps_test.elf"  ./src/echo.o ./src/i2c_access.o ./src/iic_phyreset.o ./src/main.o ./src/platform.o ./src/platform_mb.o ./src/platform_ppc.o ./src/platform_zynq.o ./src/platform_zynqmp.o ./src/sfp.o ./src/si5324.o   -Wl,--start-group,-lxil,-lgcc,-lc,--end-group -Wl,--start-group,-lxil,-llwip4,-lgcc,-lc,--end-group
'Finished building target: ftps_test.elf'
' '
'Invoking: MicroBlaze Print Size'
mb-size ftps_test.elf  |tee "ftps_test.elf.size"
   text	   data	    bss	    dec	    hex	filename
 199776	   5348	 750668	 955792	  e9590	ftps_test.elf
'Finished building: ftps_test.elf.size'
' '
17:02:53 **** Incremental Build of configuration Debug for project ftps_test ****
make all 
make: Nothing to be done for `all'.
17:03:22 **** Auto Build of configuration Debug for project ftps_test ****
make all 
'Building file: ../src/echo.c'
'Invoking: MicroBlaze gcc compiler'
mb-gcc -Wall -O0 -g3 -c -fmessage-length=0 -MT"src/echo.o" -I../../ftps_test_bsp/microblaze_0/include -mlittle-endian -mcpu=v10.0 -mxl-soft-mul -Wl,--no-relax -ffunction-sections -fdata-sections -MMD -MP -MF"src/echo.d" -MT"src/echo.o" -o "src/echo.o" "../src/echo.c"
'Finished building: ../src/echo.c'
' '
'Building target: ftps_test.elf'
'Invoking: MicroBlaze gcc linker'
mb-gcc -Wl,-T -Wl,../src/lscript.ld -L../../ftps_test_bsp/microblaze_0/lib -mlittle-endian -mcpu=v10.0 -mxl-soft-mul -Wl,--no-relax -Wl,--gc-sections -o "ftps_test.elf"  ./src/echo.o ./src/i2c_access.o ./src/iic_phyreset.o ./src/main.o ./src/platform.o ./src/platform_mb.o ./src/platform_ppc.o ./src/platform_zynq.o ./src/platform_zynqmp.o ./src/sfp.o ./src/si5324.o   -Wl,--start-group,-lxil,-lgcc,-lc,--end-group -Wl,--start-group,-lxil,-llwip4,-lgcc,-lc,--end-group
'Finished building target: ftps_test.elf'
' '
'Invoking: MicroBlaze Print Size'
mb-size ftps_test.elf  |tee "ftps_test.elf.size"
   text	   data	    bss	    dec	    hex	filename
 199776	   5348	 750668	 955792	  e9590	ftps_test.elf
'Finished building: ftps_test.elf.size'
' '
17:03:27 **** Incremental Build of configuration Debug for project ftps_test ****
make all 
make: Nothing to be done for `all'.
17:04:03 **** Auto Build of configuration Debug for project ftps_test ****
make all 
'Building file: ../src/main.c'
'Invoking: MicroBlaze gcc compiler'
mb-gcc -Wall -O0 -g3 -c -fmessage-length=0 -MT"src/main.o" -I../../ftps_test_bsp/microblaze_0/include -mlittle-endian -mcpu=v10.0 -mxl-soft-mul -Wl,--no-relax -ffunction-sections -fdata-sections -MMD -MP -MF"src/main.d" -MT"src/main.o" -o "src/main.o" "../src/main.c"
../src/main.c: In function 'main':
../src/main.c:290:17: warning: implicit declaration of function 'char_recognition' [-Wimplicit-function-declaration]
       char_rec= char_recognition(ftps_data);
                 ^~~~~~~~~~~~~~~~
'Finished building: ../src/main.c'
' '
'Building target: ftps_test.elf'
'Invoking: MicroBlaze gcc linker'
mb-gcc -Wl,-T -Wl,../src/lscript.ld -L../../ftps_test_bsp/microblaze_0/lib -mlittle-endian -mcpu=v10.0 -mxl-soft-mul -Wl,--no-relax -Wl,--gc-sections -o "ftps_test.elf"  ./src/echo.o ./src/i2c_access.o ./src/iic_phyreset.o ./src/main.o ./src/platform.o ./src/platform_mb.o ./src/platform_ppc.o ./src/platform_zynq.o ./src/platform_zynqmp.o ./src/sfp.o ./src/si5324.o   -Wl,--start-group,-lxil,-lgcc,-lc,--end-group -Wl,--start-group,-lxil,-llwip4,-lgcc,-lc,--end-group
'Finished building target: ftps_test.elf'
' '
'Invoking: MicroBlaze Print Size'
mb-size ftps_test.elf  |tee "ftps_test.elf.size"
   text	   data	    bss	    dec	    hex	filename
 199592	   5348	 750668	 955608	  e94d8	ftps_test.elf
'Finished building: ftps_test.elf.size'
' '
17:04:05 **** Incremental Build of configuration Debug for project ftps_test ****
make all 
make: Nothing to be done for `all'.
